------------------------------------------------------------
Timing Analyzer Summary
------------------------------------------------------------

Type  : Slow 1100mV 85C Model Setup 'CLOCK_50'
Slack : -4.965
TNS   : -4.965

Type  : Slow 1100mV 85C Model Setup 'avconf:avc|mI2C_CTRL_CLK'
Slack : -2.410
TNS   : -139.403

Type  : Slow 1100mV 85C Model Setup 'VGA|mypll|altpll_component|auto_generated|generic_pll1~PLL_OUTPUT_COUNTER|divclk'
Slack : 34.642
TNS   : 0.000

Type  : Slow 1100mV 85C Model Hold 'CLOCK_50'
Slack : 0.216
TNS   : 0.000

Type  : Slow 1100mV 85C Model Hold 'VGA|mypll|altpll_component|auto_generated|generic_pll1~PLL_OUTPUT_COUNTER|divclk'
Slack : 0.427
TNS   : 0.000

Type  : Slow 1100mV 85C Model Hold 'avconf:avc|mI2C_CTRL_CLK'
Slack : 0.446
TNS   : 0.000

Type  : Slow 1100mV 85C Model Minimum Pulse Width 'avconf:avc|mI2C_CTRL_CLK'
Slack : -0.394
TNS   : -37.528

Type  : Slow 1100mV 85C Model Minimum Pulse Width 'VGA|mypll|altpll_component|auto_generated|generic_pll1~FRACTIONAL_PLL|vcoph[0]'
Slack : 1.666
TNS   : 0.000

Type  : Slow 1100mV 85C Model Minimum Pulse Width 'CLOCK_50'
Slack : 8.539
TNS   : 0.000

Type  : Slow 1100mV 85C Model Minimum Pulse Width 'VGA|mypll|altpll_component|auto_generated|generic_pll1~PLL_OUTPUT_COUNTER|divclk'
Slack : 18.759
TNS   : 0.000

Type  : Slow 1100mV 0C Model Setup 'CLOCK_50'
Slack : -4.868
TNS   : -4.868

Type  : Slow 1100mV 0C Model Setup 'avconf:avc|mI2C_CTRL_CLK'
Slack : -2.440
TNS   : -136.316

Type  : Slow 1100mV 0C Model Setup 'VGA|mypll|altpll_component|auto_generated|generic_pll1~PLL_OUTPUT_COUNTER|divclk'
Slack : 34.801
TNS   : 0.000

Type  : Slow 1100mV 0C Model Hold 'CLOCK_50'
Slack : 0.201
TNS   : 0.000

Type  : Slow 1100mV 0C Model Hold 'VGA|mypll|altpll_component|auto_generated|generic_pll1~PLL_OUTPUT_COUNTER|divclk'
Slack : 0.375
TNS   : 0.000

Type  : Slow 1100mV 0C Model Hold 'avconf:avc|mI2C_CTRL_CLK'
Slack : 0.457
TNS   : 0.000

Type  : Slow 1100mV 0C Model Minimum Pulse Width 'avconf:avc|mI2C_CTRL_CLK'
Slack : -0.394
TNS   : -36.264

Type  : Slow 1100mV 0C Model Minimum Pulse Width 'VGA|mypll|altpll_component|auto_generated|generic_pll1~FRACTIONAL_PLL|vcoph[0]'
Slack : 1.666
TNS   : 0.000

Type  : Slow 1100mV 0C Model Minimum Pulse Width 'CLOCK_50'
Slack : 8.543
TNS   : 0.000

Type  : Slow 1100mV 0C Model Minimum Pulse Width 'VGA|mypll|altpll_component|auto_generated|generic_pll1~PLL_OUTPUT_COUNTER|divclk'
Slack : 18.743
TNS   : 0.000

Type  : Fast 1100mV 85C Model Setup 'CLOCK_50'
Slack : -4.080
TNS   : -4.080

Type  : Fast 1100mV 85C Model Setup 'avconf:avc|mI2C_CTRL_CLK'
Slack : -1.193
TNS   : -59.955

Type  : Fast 1100mV 85C Model Setup 'VGA|mypll|altpll_component|auto_generated|generic_pll1~PLL_OUTPUT_COUNTER|divclk'
Slack : 36.503
TNS   : 0.000

Type  : Fast 1100mV 85C Model Hold 'CLOCK_50'
Slack : 0.132
TNS   : 0.000

Type  : Fast 1100mV 85C Model Hold 'avconf:avc|mI2C_CTRL_CLK'
Slack : 0.165
TNS   : 0.000

Type  : Fast 1100mV 85C Model Hold 'VGA|mypll|altpll_component|auto_generated|generic_pll1~PLL_OUTPUT_COUNTER|divclk'
Slack : 0.232
TNS   : 0.000

Type  : Fast 1100mV 85C Model Minimum Pulse Width 'avconf:avc|mI2C_CTRL_CLK'
Slack : 0.032
TNS   : 0.000

Type  : Fast 1100mV 85C Model Minimum Pulse Width 'VGA|mypll|altpll_component|auto_generated|generic_pll1~FRACTIONAL_PLL|vcoph[0]'
Slack : 1.666
TNS   : 0.000

Type  : Fast 1100mV 85C Model Minimum Pulse Width 'CLOCK_50'
Slack : 8.648
TNS   : 0.000

Type  : Fast 1100mV 85C Model Minimum Pulse Width 'VGA|mypll|altpll_component|auto_generated|generic_pll1~PLL_OUTPUT_COUNTER|divclk'
Slack : 18.879
TNS   : 0.000

Type  : Fast 1100mV 0C Model Setup 'CLOCK_50'
Slack : -3.521
TNS   : -3.521

Type  : Fast 1100mV 0C Model Setup 'avconf:avc|mI2C_CTRL_CLK'
Slack : -1.036
TNS   : -51.963

Type  : Fast 1100mV 0C Model Setup 'VGA|mypll|altpll_component|auto_generated|generic_pll1~PLL_OUTPUT_COUNTER|divclk'
Slack : 36.876
TNS   : 0.000

Type  : Fast 1100mV 0C Model Hold 'CLOCK_50'
Slack : 0.118
TNS   : 0.000

Type  : Fast 1100mV 0C Model Hold 'avconf:avc|mI2C_CTRL_CLK'
Slack : 0.151
TNS   : 0.000

Type  : Fast 1100mV 0C Model Hold 'VGA|mypll|altpll_component|auto_generated|generic_pll1~PLL_OUTPUT_COUNTER|divclk'
Slack : 0.220
TNS   : 0.000

Type  : Fast 1100mV 0C Model Minimum Pulse Width 'avconf:avc|mI2C_CTRL_CLK'
Slack : 0.067
TNS   : 0.000

Type  : Fast 1100mV 0C Model Minimum Pulse Width 'VGA|mypll|altpll_component|auto_generated|generic_pll1~FRACTIONAL_PLL|vcoph[0]'
Slack : 1.666
TNS   : 0.000

Type  : Fast 1100mV 0C Model Minimum Pulse Width 'CLOCK_50'
Slack : 8.695
TNS   : 0.000

Type  : Fast 1100mV 0C Model Minimum Pulse Width 'VGA|mypll|altpll_component|auto_generated|generic_pll1~PLL_OUTPUT_COUNTER|divclk'
Slack : 18.879
TNS   : 0.000

------------------------------------------------------------
